
> muallaf-data-system@1.0.0 build
> next build

▲ Next.js 16.1.6 (Turbopack)
- Environments: .env.local, .env.production

  Creating an optimized production build ...
✓ Compiled successfully in 2.8s
  Running TypeScript ...
  Collecting page data using 9 workers ...
  Generating static pages using 9 workers (0/27) ...
  Generating static pages using 9 workers (6/27) 
  Generating static pages using 9 workers (13/27) 
  Generating static pages using 9 workers (20/27) 
✓ Generating static pages using 9 workers (27/27) in 206.0ms
  Finalizing page optimization ...

Route (app)
┌ ○ /
├ ○ /_not-found
├ ○ /borang
├ ○ /dashboard
├ ○ /debug-attendance
├ ○ /excel
├ ○ /google-sheets
├ ○ /import-csv
├ ○ /kadar-elaun
├ ○ /kehadiran
├ ○ /kelas
├ ○ /login
├ ○ /map-intelligence
├ ○ /mualaf/dashboard
├ ○ /pekerja
├ ○ /pengguna
├ ○ /pengurusan/metadata
├ ○ /program
├ ○ /program_details
├ ○ /program/edit
├ ○ /program/kalendar
├ ○ /program/tambah
├ ○ /rekod
├ ○ /rekod/edit
└ ○ /senarai


○  (Static)  prerendered as static content

